---
source: src/index/mod.rs
expression: data
input_file: src/index/fixtures/thiserror-1.0.26.js
---
V3

