---
source: src/index/mod.rs
expression: data
input_file: src/index/fixtures/anyhow-1.0.0.js
---
V1

