---
source: src/index/mod.rs
expression: data
input_file: src/index/fixtures/thiserror-1.0.26.js
---
crates:
  thiserror:
    doc: github crates-io docs-rs
    items:
      - ty: ProcDerive
        name: Error
        path: thiserror
        desc: ""
        parent_idx: ~
    paths: []

