---
source: src/index/mod.rs
expression: data
input_file: src/index/fixtures/anyhow-1.0.42.js
---
V3

