---
source: src/index/mod.rs
expression: data
input_file: src/index/fixtures/thiserror-1.0.26.js
---
thiserror:
  doc: github crates-io docs-rs
  t:
    - ProcDerive
  n:
    - Error
  q:
    0: thiserror
  d:
    - ""
  i:
    - 0
  p: []

