---
source: src/crates.rs
assertion_line: 125
expression: data
input_file: src/fixtures/tinyvec-1.5.1.html

---
search-index-20211108-1.58.0-nightly-495322d77.js

