---
source: src/index.rs
expression: data
input_file: src/fixtures/thiserror-1.0.26.js

---
thiserror:
  "thiserror::Error": thiserror/derive.Error.html

